../Core/Src/main.c:149:5:__io_putchar	16	static
../Core/Src/main.c:155:5:__io_getchar	8	static
../Core/Src/main.c:160:6:HAL_UART_RxCpltCallback	16	static
../Core/Src/main.c:164:6:HAL_UART_TxCpltCallback	16	static
../Core/Src/main.c:176:6:HAL_FDCAN_RxFifo0Callback	16	static
../Core/Src/main.c:206:6:Set_RTC_Time	32	static
../Core/Src/main.c:235:6:Set_RTC_Date	16	static
../Core/Src/main.c:260:6:printHex	24	static
../Core/Src/main.c:283:9:bin_to_packed_bcd	24	static
../Core/Src/main.c:301:5:main	368	static
../Core/Src/main.c:540:6:SystemClock_Config	120	static
../Core/Src/main.c:604:6:PeriphCommonClock_Config	200	static
../Core/Src/main.c:632:13:MX_FDCAN1_Init	8	static
../Core/Src/main.c:686:13:MX_QUADSPI_Init	8	static
../Core/Src/main.c:721:13:MX_RTC_Init	8	static
../Core/Src/main.c:757:13:MX_TIM3_Init	40	static
../Core/Src/main.c:802:13:MX_USART3_UART_Init	8	static
../Core/Src/main.c:848:13:MX_DMA_Init	16	static
../Core/Src/main.c:869:13:MX_GPIO_Init	56	static
../Core/Src/main.c:914:6:StartDefaultTask	24	static
../Core/Src/main.c:977:6:StartUartTask	144	static
../Core/Src/main.c:1007:6:StartTimeTask	16	static
../Core/Src/main.c:1024:6:MPU_Config	24	static
../Core/Src/main.c:1059:6:HAL_TIM_PeriodElapsedCallback	16	static
../Core/Src/main.c:1086:6:Error_Handler	4	static,ignoring_inline_asm
