../Core/Src/main.c:163:5:__io_putchar	16	static
../Core/Src/main.c:169:5:__io_getchar	8	static
../Core/Src/main.c:174:6:HAL_UART_RxCpltCallback	16	static
../Core/Src/main.c:178:6:HAL_UART_TxCpltCallback	16	static
../Core/Src/main.c:190:6:HAL_FDCAN_RxFifo0Callback	16	static
../Core/Src/main.c:220:6:Set_RTC_Time	32	static
../Core/Src/main.c:249:6:Set_RTC_Date	16	static
../Core/Src/main.c:274:6:printHex	24	static
../Core/Src/main.c:297:9:bin_to_packed_bcd	24	static
../Core/Src/main.c:315:5:main	368	static
../Core/Src/main.c:554:6:SystemClock_Config	120	static
../Core/Src/main.c:618:6:PeriphCommonClock_Config	200	static
../Core/Src/main.c:646:13:MX_FDCAN1_Init	8	static
../Core/Src/main.c:700:13:MX_QUADSPI_Init	8	static
../Core/Src/main.c:735:13:MX_RTC_Init	8	static
../Core/Src/main.c:771:13:MX_TIM3_Init	40	static
../Core/Src/main.c:816:13:MX_USART3_UART_Init	8	static
../Core/Src/main.c:862:13:MX_DMA_Init	16	static
../Core/Src/main.c:883:13:MX_GPIO_Init	56	static
../Core/Src/main.c:928:6:StartDefaultTask	24	static
../Core/Src/main.c:991:6:StartUartTask	144	static
../Core/Src/main.c:1021:6:StartTimeTask	16	static
../Core/Src/main.c:1038:6:MPU_Config	24	static
../Core/Src/main.c:1073:6:HAL_TIM_PeriodElapsedCallback	16	static
../Core/Src/main.c:1100:6:Error_Handler	4	static,ignoring_inline_asm
